# serializer version: 1
# name: TestAddOTU.test_autofill_success[345184]
  dict({
    'acronym': '',
    'excluded_accessions': list([
    ]),
    'legacy_id': None,
    'molecule': None,
    'name': 'Cabbage leaf curl Jamaica virus',
    'schema': list([
    ]),
    'taxid': 345184,
  })
# ---
# name: TestAddOTU.test_empty_success[345184]
  dict({
    'acronym': '',
    'excluded_accessions': list([
    ]),
    'legacy_id': None,
    'molecule': None,
    'name': 'Cabbage leaf curl Jamaica virus',
    'schema': list([
    ]),
    'taxid': 345184,
  })
# ---
